g++ : src/gameplay/Player.cpp: In 
member function 'void 
Player::update(float, const 
InputHandler&, 
std::vector<TransformComponent>&, 
const Camera2D&, const SpatialGrid&, 
std::vector<StateComponent>&, 
std::vector<AtomComponent>&)':
En C:\Users\mauro\OneDrive\Escritorio\p
ractica 
c++\LifeSimulatorCPP\build.ps1: 10 
Carácter: 1
+ g++ src/main.cpp `
+ ~~~~~~~~~~~~~~~~~~
    + CategoryInfo          : NotSpeci 
   fied: (src/gameplay/Pl...mComponen  
  t>&)'::String) [], RemoteException
    + FullyQualifiedErrorId : NativeCo 
   mmandError
 
src/gameplay/Player.cpp:91:81: error: 
'THEME_INFO' is not a member of 
'Config'
   91 |             NotificationManager
::getInstance().show("Jugador 
liberado", Config::THEME_INFO);
      |                                
                                       
          ^~~~~~~~~~
src/gameplay/Player.cpp:112:90: error: 
'THEME_INFO' is not a member of 
'Config'
  112 |                 NotificationMan
ager::getInstance().show("Atomo 
liberado (Undo)", Config::THEME_INFO);
      |                                
                                       
                   ^~~~~~~~~~
src/gameplay/Player.cpp:121:82: error: 
'THEME_INFO' is not a member of 
'Config'
  121 |             NotificationManager
::getInstance().show("Estructura 
podada", Config::THEME_INFO);
      |                                
                                       
           ^~~~~~~~~~
src/gameplay/Player.cpp: In member 
function 'void Player::applyPhysics(std
::vector<TransformComponent>&, 
std::vector<StateComponent>&, 
std::vector<AtomComponent>&)':
src/gameplay/Player.cpp:130:11: 
warning: unused variable 'transform' 
[-Wunused-variable]
  130 |     auto& transform = 
worldTransforms[playerIndex];
      |           ^~~~~~~~~
